w25qxxx.c:38:16:W25Qxxx_SPI	32	static
w25qxxx.c:52:13:W25Qxxx_Enable	8	static
w25qxxx.c:64:13:W25Qxxx_Disable	8	static
w25qxxx.c:70:13:W25Qxxx_Power_Up	8	static
w25qxxx.c:86:13:W25Qxxx_Read_Manu_Dev_ID	16	static
w25qxxx.c:107:13:W25Qxxx_Read_JEDEC_ID	24	static
w25qxxx.c:127:13:W25Qxxx_Read_Unique_ID	24	static
w25qxxx.c:149:13:W25Qxxx_Write_Enable	8	static
w25qxxx.c:163:13:W25Qxxx_Write_Enable_SR	8	static
w25qxxx.c:181:13:W25Qxxx_Write_Disable	8	static
w25qxxx.c:195:15:W25Qxxx_WaitForWriteEnd	24	static
w25qxxx.c:223:17:W25Qxxx_PageToSector	16	static
w25qxxx.c:233:17:W25Qxxx_PageToBlock	16	static
w25qxxx.c:243:17:W25Qxxx_SectorToBlock	16	static
w25qxxx.c:253:17:W25Qxxx_SectorToPage	16	static
w25qxxx.c:263:17:W25Qxxx_BlockToPage	16	static
w25qxxx.c:276:9:W25Qxxx_Read_REG_x	24	static
w25qxxx.c:312:6:W25Qxxx_Write_REG_x	16	static
w25qxxx.c:342:9:W25Qxxx_Init	16	static
w25qxxx.c:419:9:W25Qxxx_EraseChip	8	static
w25qxxx.c:443:9:W25Qxxx_EraseSector	16	static
w25qxxx.c:479:9:W25Qxxx_EraseBlock	16	static
w25qxxx.c:516:9:W25Qxxx_WriteByte	16	static
w25qxxx.c:556:9:W25Qxxx_WritePage	24	static
w25qxxx.c:603:9:W25Qxxx_WriteSector	40	static
w25qxxx.c:648:9:W25Qxxx_WriteBlock	40	static
w25qxxx.c:690:9:W25Qxxx_ReadByte	16	static
w25qxxx.c:726:9:W25Qxxx_ReadBytes	24	static
w25qxxx.c:767:9:W25Qxxx_ReadPage	24	static
w25qxxx.c:810:9:W25Qxxx_ReadSector	40	static
w25qxxx.c:851:9:W25Qxxx_ReadBlock	40	static
w25qxxx.c:919:9:W25Qxxx_diskio_initialize	8	static
w25qxxx.c:935:9:W25Qxxx_diskio_status	8	static
w25qxxx.c:955:9:W25Qxxx_diskio_read	32	static
w25qxxx.c:983:9:W25Qxxx_diskio_write	32	static
w25qxxx.c:1019:9:W25Qxxx_diskio_ioctl	24	static
